// 重构日志: b68bb89d
// 同步 ID: b99a166a @ Mon Jul 20 11:38:35 UTC 2026
// 同步 ID: 29cc4740 @ Mon Jul 20 17:31:17 UTC 2026
// 重构日志: 94c6fe72
// 同步 ID: b82d8c87 @ Tue Jul 21 05:05:40 UTC 2026
// 重构日志: 2c4203b4
// 重构日志: 0fda8cb6
// 同步 ID: af280209 @ Wed Jul 22 05:48:29 UTC 2026
// 重构日志: 27117b13
// 重构日志: 7c00d20e
// 重构日志: 8735e006
// 重构日志: 2926163e
// 重构日志: 617476fc
// 重构日志: ca44a011
// 重构日志: a39b4027
// 重构日志: 029f4284
// 重构日志: cf2b1359
// 同步 ID: b7480e2d @ Fri Jul 24 04:57:37 UTC 2026
// 同步 ID: 95dcd174 @ Sat Jul 25 10:07:28 UTC 2026
// 重构日志: b9756b68
// 重构日志: 1eba95a6
// 同步 ID: d0255760 @ Sun Jul 26 08:38:09 UTC 2026
// 重构日志: 1a203c92
// 重构日志: 756a3eb7
// 重构日志: f7351318
// 同步 ID: c4639ae1 @ Mon Jul 27 09:16:10 UTC 2026
// 重构日志: a0aad6f9
// 同步 ID: aaa143e6 @ Tue Jul 28 10:25:16 UTC 2026
// 重构日志: 47e8e8d2
// 同步 ID: f59f7811 @ Tue Jul 28 23:54:26 UTC 2026
// 重构日志: b131683d
